<?xml version="1.0" encoding="utf-8"?><testsuites name="pytest tests"><testsuite name="pytest" errors="0" failures="0" skipped="0" tests="54" time="0.540" timestamp="2026-06-26T09:10:20.283458+08:00" hostname="DESKTOP-KTRTQIJ"><testcase classname="tests.test_alarm_db" name="test_insert_alarm" time="0.039" /><testcase classname="tests.test_alarm_db" name="test_insert_alarm_should_save_to_alarms_table" time="0.024" /><testcase classname="tests.test_anomaly_service" name="test_analyze_normal_data_should_not_alarm" time="0.000" /><testcase classname="tests.test_anomaly_service" name="test_threshold_anomaly_should_return_threshold_first" time="0.000" /><testcase classname="tests.test_anomaly_service" name="test_analyze_zscore_anomaly_should_return_zscore_when_threshold_normal" time="0.000" /><testcase classname="tests.test_anomaly_service" name="test_analyze_without_history_should_not_crash" time="0.000" /><testcase classname="tests.test_anomaly_service" name="test_zscore_anomaly_should_be_detected" time="0.000" /><testcase classname="tests.test_db_history" name="test_query_latest_sensor_data_returns_recent_10_records" time="0.103" /><testcase classname="tests.test_db_history" name="test_query_latest_sensor_data_empty_db_return_enpry_list" time="0.017" /><testcase classname="tests.test_db_manager" name="test_init_db_creates_tables" time="0.018" /><testcase classname="tests.test_db_manager" name="test_insert_and_get_latest_sensor_data" time="0.025" /><testcase classname="tests.test_device_status" name="test_query_device_status_returns_none_when_no_data" time="0.018" /><testcase classname="tests.test_device_status" name="test_device_is_online_when_last_seen_is_recent" time="0.024" /><testcase classname="tests.test_device_status" name="test_device_is_offline_when_last_seen_id_too_old" time="0.024" /><testcase classname="tests.test_mqtt_publisher" name="test_build_signed_payload_passes_validation_and_hmac" time="0.002" /><testcase classname="tests.test_mqtt_subscriber" name="test_valid_message_is_persisted_once" time="0.001" /><testcase classname="tests.test_mqtt_subscriber" name="test_invalid_signature_is_not_persisted" time="0.001" /><testcase classname="tests.test_payload_validator" name="test_parse_payload_json" time="0.000" /><testcase classname="tests.test_payload_validator" name="test_parse_payload_invalid_json" time="0.000" /><testcase classname="tests.test_payload_validator" name="test_validate_device_data_success" time="0.000" /><testcase classname="tests.test_payload_validator" name="test_validate_device_data_missing_field" time="0.000" /><testcase classname="tests.test_payload_validator" name="test_validate_device_data_temperature_out_of_range" time="0.000" /><testcase classname="tests.test_payload_validator" name="test_parse_and_validate_payload_success" time="0.000" /><testcase classname="tests.test_payload_validator" name="test_validata_device_data_empty_device_id" time="0.000" /><testcase classname="tests.test_payload_validator" name="test_validata_device_data_invalid_status" time="0.001" /><testcase classname="tests.test_payload_validator" name="test_validata_device_data_current_out_of_range" time="0.000" /><testcase classname="tests.test_payload_validator" name="test_vaildator_device_data_empty_timestamp" time="0.000" /><testcase classname="tests.test_replay_protection" name="test_current_timestamp_is_allowed" time="0.000" /><testcase classname="tests.test_replay_protection" name="test_expired_timestamp_is_rejected" time="0.000" /><testcase classname="tests.test_replay_protection" name="test_future_timestamp_within_five_seconds_is_allowed" time="0.000" /><testcase classname="tests.test_replay_protection" name="test_duplicate_nonce_is_rejected" time="0.000" /><testcase classname="tests.test_replay_protection" name="test_same_nonce_from_different_device_is_allowed" time="0.000" /><testcase classname="tests.test_security" name="test_allowed_device_returns_true" time="0.004" /><testcase classname="tests.test_security" name="test_unknown_device_returns_false" time="0.003" /><testcase classname="tests.test_security" name="test_invalid_device_list_raises_error" time="0.004" /><testcase classname="tests.test_security" name="test_default_whitelist_path_does_not_depend_on_working_directory" time="0.003" /><testcase classname="tests.test_security_hmac" name="test_valid_hmac_signature_passes" time="0.001" /><testcase classname="tests.test_security_hmac" name="test_tampered_payload_fails_hmac_verification" time="0.000" /><testcase classname="tests.test_security_hmac" name="test_missing_signature_fails_hmac_verification" time="0.000" /><testcase classname="tests.test_threshold_detector" name="test_normal_data_should_not_alarm" time="0.000" /><testcase classname="tests.test_threshold_detector" name="test_high_temperature_should_alarm" time="0.000" /><testcase classname="tests.test_threshold_detector" name="test_high_vibration_should_alarm" time="0.000" /><testcase classname="tests.test_threshold_detector" name="test_high_current_should_alarm" time="0.000" /><testcase classname="tests.test_virtual_device" name="test_generate_data_has_required_fields" time="0.000" /><testcase classname="tests.test_virtual_device" name="test_generate_device_data_value_range" time="0.001" /><testcase classname="tests.test_zscore_detector" name="test_calculate_zscore_normal_value" time="0.000" /><testcase classname="tests.test_zscore_detector" name="test_calculate_zscore_far_value" time="0.000" /><testcase classname="tests.test_zscore_detector" name="test_calculate_zscore_empty_history_should_return_zero" time="0.000" /><testcase classname="tests.test_zscore_detector" name="test_calculate_zscore_std_zero_should_return_zero" time="0.000" /><testcase classname="tests.test_zscore_detector" name="test_detect_zsore_normal_temperature_should_not_alarm" time="0.000" /><testcase classname="tests.test_zscore_detector" name="test_detect_zsore_high_temperature_should_alarm" time="0.000" /><testcase classname="tests.test_zscore_detector" name="test_detect_zscore_high_vibration_should_alarm" time="0.000" /><testcase classname="tests.test_zscore_detector" name="test_detect_zsore_high_current_should_alarm" time="0.000" /><testcase classname="tests.test_zscore_detector" name="test_detect_zscore_std_zero_should_not_crash" time="0.000" /></testsuite></testsuites>